// Jest Snapshot v1, https://goo.gl/fbAQLP

exports[`Logo Component matches snapshot 1`] = `
<DocumentFragment>
  <div
    class="Container-fluid d-flex p-3 Stock-Color"
  >
    <span
      class="navbar-brand ms-4 h1 p-2"
    >
      StockMyFoodBank
    </span>
  </div>
</DocumentFragment>
`;
